// Jest Snapshot v1, https://goo.gl/fbAQLP

exports[` issue claim 1`] = `
Object {
  "address": "0x04c85ed866d6aa29d7888fae80d4e474a9b38b3ecbae00806aea0fdb0314c5ae8c819ed192bc16a44670e496f5d4b8742143caa59578f0b920c530aa3049203cfb",
  "data": Object {
    "domain": Object {
      "chainId": 4,
      "name": "boost",
      "verifyingContract": "0x0000000000000000000000000000000000000000",
      "version": "1",
    },
    "message": Object {
      "amount": 1,
      "boostId": "0x1",
      "recipient": "0xeF8305E140ac520225DAf050e2f71d5fBcC543e7",
    },
    "types": Object {
      "Claim": Array [
        Object {
          "name": "boostId",
          "type": "uint256",
        },
        Object {
          "name": "recipient",
          "type": "address",
        },
        Object {
          "name": "amount",
          "type": "uint256",
        },
      ],
    },
  },
  "sig": "0x9a4c19cc311839a47be20aa76df6fa8c40ebbc6d75cd9d0b6f650dd14cfa4f703b8f3edb1c1723c396c9eef7565530e93542ea5ec4f83f4f320e47bb5ce0dd0e1c",
}
`;

exports[` run strategy 1`] = `
Object {
  "amount": 6,
  "boostId": "0x1",
  "recipient": "0xeF8305E140ac520225DAf050e2f71d5fBcC543e7",
}
`;
